engdeu0101,newstest2019.Microsoft-WMT19-sentence-level.6785.en-de.txt,68,TGT,eng,deu
engdeu0101,newstest2019.Microsoft-WMT19-sentence_document.6974.en-de.txt,61,TGT,eng,deu
engdeu0101,newstest2019.Microsoft-WMT19-sentence-level.6785.en-de.txt,36,TGT,eng,deu
engdeu0101,newstest2019.Microsoft-WMT19-sentence-level.6785.en-de.txt,8,BAD,eng,deu
engdeu0101,newstest2019.Microsoft-WMT19-document-level.6808.en-de.txt,42,TGT,eng,deu
engdeu0101,newstest2019.Microsoft-WMT19-sentence_document.6974.en-de.txt,58,TGT,eng,deu
engdeu0101,newstest2019.Microsoft-WMT19-document-level.6808.en-de.txt,64,TGT,eng,deu
engdeu0101,newstest2019-ende-ref.de,37,REF,eng,deu
engdeu0101,newstest2019.Microsoft-WMT19-document-level.6808.en-de.txt,17,TGT,eng,deu
engdeu0101,newstest2019.Microsoft-WMT19-sentence_document.6974.en-de.txt,17,TGT,eng,deu
engdeu0101,newstest2019.Microsoft-WMT19-document-level.6808.en-de.txt,38,TGT,eng,deu
