engdeu0301,newstest2019-ende-ref.de,47,REF,eng,deu
engdeu0301,newstest2019.Microsoft-WMT19-document-level.6808.en-de.txt,40,TGT,eng,deu
engdeu0301,newstest2019.Microsoft-WMT19-sentence-level.6785.en-de.txt,40,TGT,eng,deu
engdeu0301,newstest2019.Microsoft-WMT19-sentence_document.6974.en-de.txt,40,TGT,eng,deu
engdeu0301,newstest2019.Microsoft-WMT19-document-level.6808.en-de.txt,48,TGT,eng,deu
engdeu0301,newstest2019.Microsoft-WMT19-sentence-level.6785.en-de.txt,54,TGT,eng,deu
engdeu0301,newstest2019.Microsoft-WMT19-document-level.6808.en-de.txt,54,TGT,eng,deu
engdeu0301,newstest2019.Microsoft-WMT19-sentence_document.6974.en-de.txt,54,TGT,eng,deu
engdeu0301,newstest2019.Microsoft-WMT19-document-level.6808.en-de.txt,22,TGT,eng,deu
engdeu0301,newstest2019.Microsoft-WMT19-sentence_document.6974.en-de.txt,22,TGT,eng,deu
engdeu0301,newstest2019.Microsoft-WMT19-sentence_document.6974.en-de.txt,64,CHK,eng,deu
engdeu0301,newstest2019.Microsoft-WMT19-sentence_document.6974.en-de.txt,41,TGT,eng,deu
engdeu0301,newstest2019.Microsoft-WMT19-document-level.6808.en-de.txt,41,TGT,eng,deu
engdeu0301,newstest2019.Microsoft-WMT19-document-level.6808.en-de.txt,15,CHK,eng,deu
engdeu0301,newstest2019.Microsoft-WMT19-sentence_document.6974.en-de.txt,15,CHK,eng,deu
engdeu0301,newstest2019.Microsoft-WMT19-sentence-level.6785.en-de.txt,63,TGT,eng,deu
engdeu0301,newstest2019.Microsoft-WMT19-sentence_document.6974.en-de.txt,63,TGT,eng,deu
