engdeu0f01,ende-tutorial,1,TGT,eng,deu,10,ende-tutorial,False,"{'start_i': 0, 'end_i': 50, 'severity': 'major'}"
engdeu0f01,ende-tutorial,2,TGT,eng,deu,20,ende-tutorial,False,"{'start_i': 0, 'end_i': 50, 'severity': 'major'}"
engdeu0f01,ende-tutorial,3,TGT,eng,deu,30,ende-tutorial,False,"{'start_i': 0, 'end_i': 50, 'severity': 'major'}"
engdeu0f01,ende-tutorial,4,TGT,eng,deu,40,ende-tutorial,False,"{'start_i': 0, 'end_i': 50, 'severity': 'major'}"
engdeu0f01,ende-tutorial,5,TGT,eng,deu,50,ende-tutorial,False,"{'start_i': 0, 'end_i': 50, 'severity': 'major'}"
