engdeu0f01,ende-tutorial,1000001,TGT,eng,deu,10,ende-tutorial,False,"{'start_i': 0, 'end_i': 50, 'severity': 'major'}"
engdeu0f01,ende-tutorial,1000002,TGT,eng,deu,20,ende-tutorial,False,"{'start_i': 0, 'end_i': 50, 'severity': 'major'}"
engdeu0f01,ende-tutorial,1000003,TGT,eng,deu,30,ende-tutorial,False,"{'start_i': 0, 'end_i': 50, 'severity': 'major'}"
engdeu0f01,ende-tutorial,1000004,TGT,eng,deu,40,ende-tutorial,False,"{'start_i': 0, 'end_i': 50, 'severity': 'major'}"
engdeu0f01,ende-tutorial,1000005,TGT,eng,deu,50,ende-tutorial,False,"{'start_i': 0, 'end_i': 50, 'severity': 'major'}"
engdeu0f01,wmt23.refA,43,TGT,eng,deu,60,guardian.114833,False,"{'start_i': 0, 'end_i': 50, 'severity': 'major'}"
engdeu0f01,wmt23.ONLINE-Y,31,TGT,eng,deu,70,cnn.151755,False,"{'start_i': 0, 'end_i': 50, 'severity': 'major'}"
engdeu0f01,wmt23.ONLINE-Y,22,TGT,eng,deu,80,cnbc.com.24647,False,"{'start_i': 0, 'end_i': 50, 'severity': 'major'}"
engdeu0f01,wmt23.ONLINE-Y,7,TGT,eng,deu,90,bbc.124285,False,"{'start_i': 0, 'end_i': 50, 'severity': 'major'}"
