Username,Password,URL
engdeu0f01,56719686,http://127.0.0.1:8000/dashboard/sso/engdeu0f01/56719686/
engdeu0f02,ba55070a,http://127.0.0.1:8000/dashboard/sso/engdeu0f02/ba55070a/
